0 16 0
0.0625 -0.070004776814999364 -0.53237470932346975 0.0046142619386568022 -0.43670851204145006 -0.14968059326999841 -0.57649563954591787 
0.0625 0.94366744219251764 -0.94016526037034176 0.16531850738194817 -0.36566926903415814 0.073247495043370081 -0.061158156441577877 
0.0625 -0.36213433177023169 0.36306320795509273 0.35463876128782784 0.11664360614258601 -0.30410683779977543 0.22034019951762002 
0.0625 -0.49453720902548653 0.64286857683946108 0.10930375115591989 0.51653092851203475 0.41589146047768499 0.10641792496058991 
0.0625 0.48218785937188779 -0.19272526157660905 -0.35452973554329603 0.28754778008078352 0.82406475949239533 0.22295357117253267 
0.0625 0.067356972798794074 0.20914913325795509 0.063628209189916449 0.53137666916194337 -0.28571112197324539 0.94692837576874778 
0.0625 0.21149340864192337 -0.36298334002453075 -0.14740434339803893 -0.57769438902572223 -0.62955086533669979 -0.2496796141967623 
0.0625 -1.1729852603115749 0.29226744958728784 -0.051394991225223688 0.4822513508725299 0.23423405945245962 0.20883070733492937 
0.0625 0.70590327648819973 -0.18287796950418936 -0.27878066984004857 -0.30860086847793455 0.54465838490416252 -0.48029806794257629 
0.0625 -0.2888372592599624 0.73373571141936089 -1.2984219823001506 0.0012537821174900417 0.26203625261308389 -0.059214859453764861 
0.0625 0.30641984288744001 0.16319238394863689 -0.052982571524844334 -0.48145342519966922 -0.71082331802862575 -0.088034665925979638 
0.0625 0.43858517802141433 0.034582099815325458 0.20877362577074327 -0.5709331737262997 0.41317357710979796 -0.44236352753901703 
0.0625 0.62127552602966141 -0.44427704593752765 -0.94586942746630109 -0.17230799427065802 -0.31877958530689526 -0.23308012097253109 
0.0625 -0.36776853255330189 0.20865888801070095 1.371461448542455 0.21724096320584305 -0.43648614934435281 -0.42492771099048854 
0.0625 -0.86276262277942228 0.36631148824180426 0.60591201072445977 0.44114448969641074 0.014145817527138184 0.28022942726167427 
0.0625 -0.15785951391685915 -0.35842535233895673 0.24573314530597626 0.3193780619862705 0.053686664439500299 0.62955215699252143 

